Analysis & Synthesis report for Project
Sat Jun  6 16:15:56 2026
Quartus Prime Version 25.1std.0 Build 1129 10/21/2025 SC Lite Edition


---------------------
; Table of Contents ;
---------------------
  1. Legal Notice
  2. Analysis & Synthesis Summary
  3. Analysis & Synthesis Settings
  4. Parallel Compilation
  5. Source assignments for Processor:processor|Controller:controller|ROM_PC_IR:instruction|InstMemory:ROM|altsyncram:altsyncram_component|altsyncram_r8c1:auto_generated|altsyncram_gmd2:altsyncram1
  6. Source assignments for Processor:processor|Datapath:datapath|DataMemory:RAM|altsyncram:altsyncram_component|altsyncram_jdj1:auto_generated|altsyncram_ana2:altsyncram1
  7. Parameter Settings for User Entity Instance: Processor:processor|Controller:controller|ROM_PC_IR:instruction|PC:programCounter
  8. Parameter Settings for User Entity Instance: Processor:processor|Controller:controller|ROM_PC_IR:instruction|InstMemory:ROM|altsyncram:altsyncram_component
  9. Parameter Settings for User Entity Instance: Processor:processor|Datapath:datapath|DataMemory:RAM|altsyncram:altsyncram_component
 10. Parameter Settings for User Entity Instance: Processor:processor|Datapath:datapath|ALU:ALU
 11. Parameter Settings for User Entity Instance: Processor:processor|Datapath:datapath|regfile16x16:RegFile
 12. Parameter Settings for User Entity Instance: MuxnW_8to1:HEX7Mux
 13. Parameter Settings for User Entity Instance: MuxnW_8to1:HEX6Mux
 14. Parameter Settings for User Entity Instance: MuxnW_8to1:HEX5Mux
 15. Parameter Settings for User Entity Instance: MuxnW_8to1:HEX4Mux
 16. Port Connectivity Checks: "MuxnW_8to1:HEX4Mux"
 17. Port Connectivity Checks: "MuxnW_8to1:HEX5Mux"
 18. Port Connectivity Checks: "MuxnW_8to1:HEX6Mux"
 19. Port Connectivity Checks: "MuxnW_8to1:HEX7Mux"
 20. Port Connectivity Checks: "Processor:processor|Controller:controller|ROM_PC_IR:instruction"
 21. Port Connectivity Checks: "Processor:processor|Controller:controller"
 22. Port Connectivity Checks: "Processor:processor"
 23. Port Connectivity Checks: "ButtonSynchronizer:synch2"
 24. Port Connectivity Checks: "ButtonSynchronizer:synch1"
 25. Analysis & Synthesis Messages



----------------
; Legal Notice ;
----------------
Copyright (C) 2025  Altera Corporation. All rights reserved.
Your use of Altera Corporation's design tools, logic functions 
and other software and tools, and any partner logic 
functions, and any output files from any of the foregoing 
(including device programming or simulation files), and any 
associated documentation or information are expressly subject 
to the terms and conditions of the Altera Program License 
Subscription Agreement, the Altera Quartus Prime License Agreement,
the Altera IP License Agreement, or other applicable license
agreement, including, without limitation, that your use is for
the sole purpose of programming logic devices manufactured by
Altera and sold by Altera or its authorized distributors.  Please
refer to the Altera Software License Subscription Agreements 
on the Quartus Prime software download page.



+--------------------------------------------------------------------------------------+
; Analysis & Synthesis Summary                                                         ;
+------------------------------------+-------------------------------------------------+
; Analysis & Synthesis Status        ; Failed - Sat Jun  6 16:15:56 2026               ;
; Quartus Prime Version              ; 25.1std.0 Build 1129 10/21/2025 SC Lite Edition ;
; Revision Name                      ; Project                                         ;
; Top-level Entity Name              ; Project                                         ;
; Family                             ; Cyclone IV E                                    ;
; Total logic elements               ; N/A until Partition Merge                       ;
;     Total combinational functions  ; N/A until Partition Merge                       ;
;     Dedicated logic registers      ; N/A until Partition Merge                       ;
; Total registers                    ; N/A until Partition Merge                       ;
; Total pins                         ; N/A until Partition Merge                       ;
; Total virtual pins                 ; N/A until Partition Merge                       ;
; Total memory bits                  ; N/A until Partition Merge                       ;
; Embedded Multiplier 9-bit elements ; N/A until Partition Merge                       ;
; Total PLLs                         ; N/A until Partition Merge                       ;
+------------------------------------+-------------------------------------------------+


+------------------------------------------------------------------------------------------------------------+
; Analysis & Synthesis Settings                                                                              ;
+------------------------------------------------------------------+--------------------+--------------------+
; Option                                                           ; Setting            ; Default Value      ;
+------------------------------------------------------------------+--------------------+--------------------+
; Device                                                           ; EP4CE115F29C7      ;                    ;
; Top-level entity name                                            ; Project            ; Project            ;
; Family name                                                      ; Cyclone IV E       ; Cyclone V          ;
; State Machine Processing                                         ; User-Encoded       ; Auto               ;
; Use smart compilation                                            ; Off                ; Off                ;
; Enable parallel Assembler and Timing Analyzer during compilation ; On                 ; On                 ;
; Enable compact report table                                      ; Off                ; Off                ;
; Restructure Multiplexers                                         ; Auto               ; Auto               ;
; Create Debugging Nodes for IP Cores                              ; Off                ; Off                ;
; Preserve fewer node names                                        ; On                 ; On                 ;
; Intel FPGA IP Evaluation Mode                                    ; Enable             ; Enable             ;
; Verilog Version                                                  ; Verilog_2001       ; Verilog_2001       ;
; VHDL Version                                                     ; VHDL_1993          ; VHDL_1993          ;
; Safe State Machine                                               ; Off                ; Off                ;
; Extract Verilog State Machines                                   ; On                 ; On                 ;
; Extract VHDL State Machines                                      ; On                 ; On                 ;
; Ignore Verilog initial constructs                                ; Off                ; Off                ;
; Iteration limit for constant Verilog loops                       ; 5000               ; 5000               ;
; Iteration limit for non-constant Verilog loops                   ; 250                ; 250                ;
; Add Pass-Through Logic to Inferred RAMs                          ; On                 ; On                 ;
; Infer RAMs from Raw Logic                                        ; On                 ; On                 ;
; Parallel Synthesis                                               ; On                 ; On                 ;
; DSP Block Balancing                                              ; Auto               ; Auto               ;
; NOT Gate Push-Back                                               ; On                 ; On                 ;
; Power-Up Don't Care                                              ; On                 ; On                 ;
; Remove Redundant Logic Cells                                     ; Off                ; Off                ;
; Remove Duplicate Registers                                       ; On                 ; On                 ;
; Ignore CARRY Buffers                                             ; Off                ; Off                ;
; Ignore CASCADE Buffers                                           ; Off                ; Off                ;
; Ignore GLOBAL Buffers                                            ; Off                ; Off                ;
; Ignore ROW GLOBAL Buffers                                        ; Off                ; Off                ;
; Ignore LCELL Buffers                                             ; Off                ; Off                ;
; Ignore SOFT Buffers                                              ; On                 ; On                 ;
; Limit AHDL Integers to 32 Bits                                   ; Off                ; Off                ;
; Optimization Technique                                           ; Balanced           ; Balanced           ;
; Carry Chain Length                                               ; 70                 ; 70                 ;
; Auto Carry Chains                                                ; On                 ; On                 ;
; Auto Open-Drain Pins                                             ; On                 ; On                 ;
; Perform WYSIWYG Primitive Resynthesis                            ; Off                ; Off                ;
; Auto ROM Replacement                                             ; On                 ; On                 ;
; Auto RAM Replacement                                             ; On                 ; On                 ;
; Auto DSP Block Replacement                                       ; On                 ; On                 ;
; Auto Shift Register Replacement                                  ; Auto               ; Auto               ;
; Allow Shift Register Merging across Hierarchies                  ; Auto               ; Auto               ;
; Auto Clock Enable Replacement                                    ; On                 ; On                 ;
; Strict RAM Replacement                                           ; Off                ; Off                ;
; Allow Synchronous Control Signals                                ; On                 ; On                 ;
; Force Use of Synchronous Clear Signals                           ; Off                ; Off                ;
; Auto RAM Block Balancing                                         ; On                 ; On                 ;
; Auto RAM to Logic Cell Conversion                                ; Off                ; Off                ;
; Auto Resource Sharing                                            ; Off                ; Off                ;
; Allow Any RAM Size For Recognition                               ; Off                ; Off                ;
; Allow Any ROM Size For Recognition                               ; Off                ; Off                ;
; Allow Any Shift Register Size For Recognition                    ; Off                ; Off                ;
; Use LogicLock Constraints during Resource Balancing              ; On                 ; On                 ;
; Ignore translate_off and synthesis_off directives                ; Off                ; Off                ;
; Timing-Driven Synthesis                                          ; On                 ; On                 ;
; Report Parameter Settings                                        ; On                 ; On                 ;
; Report Source Assignments                                        ; On                 ; On                 ;
; Report Connectivity Checks                                       ; On                 ; On                 ;
; Ignore Maximum Fan-Out Assignments                               ; Off                ; Off                ;
; Synchronization Register Chain Length                            ; 2                  ; 2                  ;
; Power Optimization During Synthesis                              ; Normal compilation ; Normal compilation ;
; HDL message level                                                ; Level2             ; Level2             ;
; Suppress Register Optimization Related Messages                  ; Off                ; Off                ;
; Number of Removed Registers Reported in Synthesis Report         ; 5000               ; 5000               ;
; Number of Swept Nodes Reported in Synthesis Report               ; 5000               ; 5000               ;
; Number of Inverted Registers Reported in Synthesis Report        ; 100                ; 100                ;
; Clock MUX Protection                                             ; On                 ; On                 ;
; Auto Gated Clock Conversion                                      ; Off                ; Off                ;
; Block Design Naming                                              ; Auto               ; Auto               ;
; SDC constraint protection                                        ; Off                ; Off                ;
; Synthesis Effort                                                 ; Auto               ; Auto               ;
; Shift Register Replacement - Allow Asynchronous Clear Signal     ; On                 ; On                 ;
; Pre-Mapping Resynthesis Optimization                             ; Off                ; Off                ;
; Analysis & Synthesis Message Level                               ; Medium             ; Medium             ;
; Disable Register Merging Across Hierarchies                      ; Auto               ; Auto               ;
; Resource Aware Inference For Block RAM                           ; On                 ; On                 ;
+------------------------------------------------------------------+--------------------+--------------------+


+------------------------------------------+
; Parallel Compilation                     ;
+----------------------------+-------------+
; Processors                 ; Number      ;
+----------------------------+-------------+
; Number detected on machine ; 32          ;
; Maximum allowed            ; 16          ;
;                            ;             ;
; Average used               ; 1.00        ;
; Maximum used               ; 1           ;
;                            ;             ;
; Usage by Processor         ; % Time Used ;
;     Processor 1            ; 100.0%      ;
+----------------------------+-------------+


+--------------------------------------------------------------------------------------------------------------------------------------------------------------------------------------------------+
; Source assignments for Processor:processor|Controller:controller|ROM_PC_IR:instruction|InstMemory:ROM|altsyncram:altsyncram_component|altsyncram_r8c1:auto_generated|altsyncram_gmd2:altsyncram1 ;
+---------------------------------+--------------------+------+------------------------------------------------------------------------------------------------------------------------------------+
; Assignment                      ; Value              ; From ; To                                                                                                                                 ;
+---------------------------------+--------------------+------+------------------------------------------------------------------------------------------------------------------------------------+
; OPTIMIZE_POWER_DURING_SYNTHESIS ; NORMAL_COMPILATION ; -    ; -                                                                                                                                  ;
+---------------------------------+--------------------+------+------------------------------------------------------------------------------------------------------------------------------------+


+------------------------------------------------------------------------------------------------------------------------------------------------------------------------+
; Source assignments for Processor:processor|Datapath:datapath|DataMemory:RAM|altsyncram:altsyncram_component|altsyncram_jdj1:auto_generated|altsyncram_ana2:altsyncram1 ;
+---------------------------------+--------------------+------+----------------------------------------------------------------------------------------------------------+
; Assignment                      ; Value              ; From ; To                                                                                                       ;
+---------------------------------+--------------------+------+----------------------------------------------------------------------------------------------------------+
; OPTIMIZE_POWER_DURING_SYNTHESIS ; NORMAL_COMPILATION ; -    ; -                                                                                                        ;
+---------------------------------+--------------------+------+----------------------------------------------------------------------------------------------------------+


+--------------------------------------------------------------------------------------------------------------------------------+
; Parameter Settings for User Entity Instance: Processor:processor|Controller:controller|ROM_PC_IR:instruction|PC:programCounter ;
+----------------+-------+-------------------------------------------------------------------------------------------------------+
; Parameter Name ; Value ; Type                                                                                                  ;
+----------------+-------+-------------------------------------------------------------------------------------------------------+
; n              ; 7     ; Signed Integer                                                                                        ;
+----------------+-------+-------------------------------------------------------------------------------------------------------+
Note: In order to hide this table in the UI and the text report file, please set the "Show Parameter Settings in Synthesis Report" option in "Analysis and Synthesis Settings -> More Settings" to "Off".


+-------------------------------------------------------------------------------------------------------------------------------------------------------------+
; Parameter Settings for User Entity Instance: Processor:processor|Controller:controller|ROM_PC_IR:instruction|InstMemory:ROM|altsyncram:altsyncram_component ;
+------------------------------------+----------------------+-------------------------------------------------------------------------------------------------+
; Parameter Name                     ; Value                ; Type                                                                                            ;
+------------------------------------+----------------------+-------------------------------------------------------------------------------------------------+
; BYTE_SIZE_BLOCK                    ; 8                    ; Untyped                                                                                         ;
; AUTO_CARRY_CHAINS                  ; ON                   ; AUTO_CARRY                                                                                      ;
; IGNORE_CARRY_BUFFERS               ; OFF                  ; IGNORE_CARRY                                                                                    ;
; AUTO_CASCADE_CHAINS                ; ON                   ; AUTO_CASCADE                                                                                    ;
; IGNORE_CASCADE_BUFFERS             ; OFF                  ; IGNORE_CASCADE                                                                                  ;
; WIDTH_BYTEENA                      ; 1                    ; Untyped                                                                                         ;
; OPERATION_MODE                     ; ROM                  ; Untyped                                                                                         ;
; WIDTH_A                            ; 16                   ; Signed Integer                                                                                  ;
; WIDTHAD_A                          ; 7                    ; Signed Integer                                                                                  ;
; NUMWORDS_A                         ; 128                  ; Signed Integer                                                                                  ;
; OUTDATA_REG_A                      ; UNREGISTERED         ; Untyped                                                                                         ;
; ADDRESS_ACLR_A                     ; NONE                 ; Untyped                                                                                         ;
; OUTDATA_ACLR_A                     ; NONE                 ; Untyped                                                                                         ;
; WRCONTROL_ACLR_A                   ; NONE                 ; Untyped                                                                                         ;
; INDATA_ACLR_A                      ; NONE                 ; Untyped                                                                                         ;
; BYTEENA_ACLR_A                     ; NONE                 ; Untyped                                                                                         ;
; WIDTH_B                            ; 1                    ; Untyped                                                                                         ;
; WIDTHAD_B                          ; 1                    ; Untyped                                                                                         ;
; NUMWORDS_B                         ; 1                    ; Untyped                                                                                         ;
; INDATA_REG_B                       ; CLOCK1               ; Untyped                                                                                         ;
; WRCONTROL_WRADDRESS_REG_B          ; CLOCK1               ; Untyped                                                                                         ;
; RDCONTROL_REG_B                    ; CLOCK1               ; Untyped                                                                                         ;
; ADDRESS_REG_B                      ; CLOCK1               ; Untyped                                                                                         ;
; OUTDATA_REG_B                      ; UNREGISTERED         ; Untyped                                                                                         ;
; BYTEENA_REG_B                      ; CLOCK1               ; Untyped                                                                                         ;
; INDATA_ACLR_B                      ; NONE                 ; Untyped                                                                                         ;
; WRCONTROL_ACLR_B                   ; NONE                 ; Untyped                                                                                         ;
; ADDRESS_ACLR_B                     ; NONE                 ; Untyped                                                                                         ;
; OUTDATA_ACLR_B                     ; NONE                 ; Untyped                                                                                         ;
; RDCONTROL_ACLR_B                   ; NONE                 ; Untyped                                                                                         ;
; BYTEENA_ACLR_B                     ; NONE                 ; Untyped                                                                                         ;
; WIDTH_BYTEENA_A                    ; 1                    ; Signed Integer                                                                                  ;
; WIDTH_BYTEENA_B                    ; 1                    ; Untyped                                                                                         ;
; RAM_BLOCK_TYPE                     ; AUTO                 ; Untyped                                                                                         ;
; BYTE_SIZE                          ; 8                    ; Untyped                                                                                         ;
; READ_DURING_WRITE_MODE_MIXED_PORTS ; DONT_CARE            ; Untyped                                                                                         ;
; READ_DURING_WRITE_MODE_PORT_A      ; NEW_DATA_NO_NBE_READ ; Untyped                                                                                         ;
; READ_DURING_WRITE_MODE_PORT_B      ; NEW_DATA_NO_NBE_READ ; Untyped                                                                                         ;
; INIT_FILE                          ; ROM_test.mif         ; Untyped                                                                                         ;
; INIT_FILE_LAYOUT                   ; PORT_A               ; Untyped                                                                                         ;
; MAXIMUM_DEPTH                      ; 0                    ; Untyped                                                                                         ;
; CLOCK_ENABLE_INPUT_A               ; BYPASS               ; Untyped                                                                                         ;
; CLOCK_ENABLE_INPUT_B               ; NORMAL               ; Untyped                                                                                         ;
; CLOCK_ENABLE_OUTPUT_A              ; BYPASS               ; Untyped                                                                                         ;
; CLOCK_ENABLE_OUTPUT_B              ; NORMAL               ; Untyped                                                                                         ;
; CLOCK_ENABLE_CORE_A                ; USE_INPUT_CLKEN      ; Untyped                                                                                         ;
; CLOCK_ENABLE_CORE_B                ; USE_INPUT_CLKEN      ; Untyped                                                                                         ;
; ENABLE_ECC                         ; FALSE                ; Untyped                                                                                         ;
; ECC_PIPELINE_STAGE_ENABLED         ; FALSE                ; Untyped                                                                                         ;
; WIDTH_ECCSTATUS                    ; 3                    ; Untyped                                                                                         ;
; DEVICE_FAMILY                      ; Cyclone IV E         ; Untyped                                                                                         ;
; CBXI_PARAMETER                     ; altsyncram_r8c1      ; Untyped                                                                                         ;
+------------------------------------+----------------------+-------------------------------------------------------------------------------------------------+
Note: In order to hide this table in the UI and the text report file, please set the "Show Parameter Settings in Synthesis Report" option in "Analysis and Synthesis Settings -> More Settings" to "Off".


+-----------------------------------------------------------------------------------------------------------------------------------+
; Parameter Settings for User Entity Instance: Processor:processor|Datapath:datapath|DataMemory:RAM|altsyncram:altsyncram_component ;
+------------------------------------+----------------------+-----------------------------------------------------------------------+
; Parameter Name                     ; Value                ; Type                                                                  ;
+------------------------------------+----------------------+-----------------------------------------------------------------------+
; BYTE_SIZE_BLOCK                    ; 8                    ; Untyped                                                               ;
; AUTO_CARRY_CHAINS                  ; ON                   ; AUTO_CARRY                                                            ;
; IGNORE_CARRY_BUFFERS               ; OFF                  ; IGNORE_CARRY                                                          ;
; AUTO_CASCADE_CHAINS                ; ON                   ; AUTO_CASCADE                                                          ;
; IGNORE_CASCADE_BUFFERS             ; OFF                  ; IGNORE_CASCADE                                                        ;
; WIDTH_BYTEENA                      ; 1                    ; Untyped                                                               ;
; OPERATION_MODE                     ; SINGLE_PORT          ; Untyped                                                               ;
; WIDTH_A                            ; 16                   ; Signed Integer                                                        ;
; WIDTHAD_A                          ; 8                    ; Signed Integer                                                        ;
; NUMWORDS_A                         ; 256                  ; Signed Integer                                                        ;
; OUTDATA_REG_A                      ; UNREGISTERED         ; Untyped                                                               ;
; ADDRESS_ACLR_A                     ; NONE                 ; Untyped                                                               ;
; OUTDATA_ACLR_A                     ; NONE                 ; Untyped                                                               ;
; WRCONTROL_ACLR_A                   ; NONE                 ; Untyped                                                               ;
; INDATA_ACLR_A                      ; NONE                 ; Untyped                                                               ;
; BYTEENA_ACLR_A                     ; NONE                 ; Untyped                                                               ;
; WIDTH_B                            ; 1                    ; Untyped                                                               ;
; WIDTHAD_B                          ; 1                    ; Untyped                                                               ;
; NUMWORDS_B                         ; 1                    ; Untyped                                                               ;
; INDATA_REG_B                       ; CLOCK1               ; Untyped                                                               ;
; WRCONTROL_WRADDRESS_REG_B          ; CLOCK1               ; Untyped                                                               ;
; RDCONTROL_REG_B                    ; CLOCK1               ; Untyped                                                               ;
; ADDRESS_REG_B                      ; CLOCK1               ; Untyped                                                               ;
; OUTDATA_REG_B                      ; UNREGISTERED         ; Untyped                                                               ;
; BYTEENA_REG_B                      ; CLOCK1               ; Untyped                                                               ;
; INDATA_ACLR_B                      ; NONE                 ; Untyped                                                               ;
; WRCONTROL_ACLR_B                   ; NONE                 ; Untyped                                                               ;
; ADDRESS_ACLR_B                     ; NONE                 ; Untyped                                                               ;
; OUTDATA_ACLR_B                     ; NONE                 ; Untyped                                                               ;
; RDCONTROL_ACLR_B                   ; NONE                 ; Untyped                                                               ;
; BYTEENA_ACLR_B                     ; NONE                 ; Untyped                                                               ;
; WIDTH_BYTEENA_A                    ; 1                    ; Signed Integer                                                        ;
; WIDTH_BYTEENA_B                    ; 1                    ; Untyped                                                               ;
; RAM_BLOCK_TYPE                     ; AUTO                 ; Untyped                                                               ;
; BYTE_SIZE                          ; 8                    ; Untyped                                                               ;
; READ_DURING_WRITE_MODE_MIXED_PORTS ; DONT_CARE            ; Untyped                                                               ;
; READ_DURING_WRITE_MODE_PORT_A      ; DONT_CARE            ; Untyped                                                               ;
; READ_DURING_WRITE_MODE_PORT_B      ; NEW_DATA_NO_NBE_READ ; Untyped                                                               ;
; INIT_FILE                          ; RAM_test.mif         ; Untyped                                                               ;
; INIT_FILE_LAYOUT                   ; PORT_A               ; Untyped                                                               ;
; MAXIMUM_DEPTH                      ; 0                    ; Untyped                                                               ;
; CLOCK_ENABLE_INPUT_A               ; BYPASS               ; Untyped                                                               ;
; CLOCK_ENABLE_INPUT_B               ; NORMAL               ; Untyped                                                               ;
; CLOCK_ENABLE_OUTPUT_A              ; BYPASS               ; Untyped                                                               ;
; CLOCK_ENABLE_OUTPUT_B              ; NORMAL               ; Untyped                                                               ;
; CLOCK_ENABLE_CORE_A                ; USE_INPUT_CLKEN      ; Untyped                                                               ;
; CLOCK_ENABLE_CORE_B                ; USE_INPUT_CLKEN      ; Untyped                                                               ;
; ENABLE_ECC                         ; FALSE                ; Untyped                                                               ;
; ECC_PIPELINE_STAGE_ENABLED         ; FALSE                ; Untyped                                                               ;
; WIDTH_ECCSTATUS                    ; 3                    ; Untyped                                                               ;
; DEVICE_FAMILY                      ; Cyclone IV E         ; Untyped                                                               ;
; CBXI_PARAMETER                     ; altsyncram_jdj1      ; Untyped                                                               ;
+------------------------------------+----------------------+-----------------------------------------------------------------------+
Note: In order to hide this table in the UI and the text report file, please set the "Show Parameter Settings in Synthesis Report" option in "Analysis and Synthesis Settings -> More Settings" to "Off".


+--------------------------------------------------------------------------------------------+
; Parameter Settings for User Entity Instance: Processor:processor|Datapath:datapath|ALU:ALU ;
+----------------+-------+-------------------------------------------------------------------+
; Parameter Name ; Value ; Type                                                              ;
+----------------+-------+-------------------------------------------------------------------+
; bits           ; 16    ; Signed Integer                                                    ;
+----------------+-------+-------------------------------------------------------------------+
Note: In order to hide this table in the UI and the text report file, please set the "Show Parameter Settings in Synthesis Report" option in "Analysis and Synthesis Settings -> More Settings" to "Off".


+---------------------------------------------------------------------------------------------------------+
; Parameter Settings for User Entity Instance: Processor:processor|Datapath:datapath|regfile16x16:RegFile ;
+----------------+-------+--------------------------------------------------------------------------------+
; Parameter Name ; Value ; Type                                                                           ;
+----------------+-------+--------------------------------------------------------------------------------+
; bits           ; 16    ; Signed Integer                                                                 ;
+----------------+-------+--------------------------------------------------------------------------------+
Note: In order to hide this table in the UI and the text report file, please set the "Show Parameter Settings in Synthesis Report" option in "Analysis and Synthesis Settings -> More Settings" to "Off".


+-----------------------------------------------------------------+
; Parameter Settings for User Entity Instance: MuxnW_8to1:HEX7Mux ;
+----------------+-------+----------------------------------------+
; Parameter Name ; Value ; Type                                   ;
+----------------+-------+----------------------------------------+
; n              ; 4     ; Signed Integer                         ;
+----------------+-------+----------------------------------------+
Note: In order to hide this table in the UI and the text report file, please set the "Show Parameter Settings in Synthesis Report" option in "Analysis and Synthesis Settings -> More Settings" to "Off".


+-----------------------------------------------------------------+
; Parameter Settings for User Entity Instance: MuxnW_8to1:HEX6Mux ;
+----------------+-------+----------------------------------------+
; Parameter Name ; Value ; Type                                   ;
+----------------+-------+----------------------------------------+
; n              ; 4     ; Signed Integer                         ;
+----------------+-------+----------------------------------------+
Note: In order to hide this table in the UI and the text report file, please set the "Show Parameter Settings in Synthesis Report" option in "Analysis and Synthesis Settings -> More Settings" to "Off".


+-----------------------------------------------------------------+
; Parameter Settings for User Entity Instance: MuxnW_8to1:HEX5Mux ;
+----------------+-------+----------------------------------------+
; Parameter Name ; Value ; Type                                   ;
+----------------+-------+----------------------------------------+
; n              ; 4     ; Signed Integer                         ;
+----------------+-------+----------------------------------------+
Note: In order to hide this table in the UI and the text report file, please set the "Show Parameter Settings in Synthesis Report" option in "Analysis and Synthesis Settings -> More Settings" to "Off".


+-----------------------------------------------------------------+
; Parameter Settings for User Entity Instance: MuxnW_8to1:HEX4Mux ;
+----------------+-------+----------------------------------------+
; Parameter Name ; Value ; Type                                   ;
+----------------+-------+----------------------------------------+
; n              ; 4     ; Signed Integer                         ;
+----------------+-------+----------------------------------------+
Note: In order to hide this table in the UI and the text report file, please set the "Show Parameter Settings in Synthesis Report" option in "Analysis and Synthesis Settings -> More Settings" to "Off".


+------------------------------------------------+
; Port Connectivity Checks: "MuxnW_8to1:HEX4Mux" ;
+------+-------+----------+----------------------+
; Port ; Type  ; Severity ; Details              ;
+------+-------+----------+----------------------+
; W    ; Input ; Info     ; Stuck at GND         ;
; X    ; Input ; Info     ; Stuck at GND         ;
; Y    ; Input ; Info     ; Stuck at GND         ;
; Z    ; Input ; Info     ; Stuck at GND         ;
+------+-------+----------+----------------------+


+------------------------------------------------+
; Port Connectivity Checks: "MuxnW_8to1:HEX5Mux" ;
+------+-------+----------+----------------------+
; Port ; Type  ; Severity ; Details              ;
+------+-------+----------+----------------------+
; R    ; Input ; Info     ; Stuck at GND         ;
; W    ; Input ; Info     ; Stuck at GND         ;
; X    ; Input ; Info     ; Stuck at GND         ;
; Y    ; Input ; Info     ; Stuck at GND         ;
; Z    ; Input ; Info     ; Stuck at GND         ;
+------+-------+----------+----------------------+


+------------------------------------------------+
; Port Connectivity Checks: "MuxnW_8to1:HEX6Mux" ;
+------+-------+----------+----------------------+
; Port ; Type  ; Severity ; Details              ;
+------+-------+----------+----------------------+
; W    ; Input ; Info     ; Stuck at GND         ;
; X    ; Input ; Info     ; Stuck at GND         ;
; Y    ; Input ; Info     ; Stuck at GND         ;
; Z    ; Input ; Info     ; Stuck at GND         ;
+------+-------+----------+----------------------+


+------------------------------------------------+
; Port Connectivity Checks: "MuxnW_8to1:HEX7Mux" ;
+------+-------+----------+----------------------+
; Port ; Type  ; Severity ; Details              ;
+------+-------+----------+----------------------+
; X    ; Input ; Info     ; Stuck at GND         ;
; Y    ; Input ; Info     ; Stuck at GND         ;
; Z    ; Input ; Info     ; Stuck at GND         ;
+------+-------+----------+----------------------+


+----------------------------------------------------------------------------------------------+
; Port Connectivity Checks: "Processor:processor|Controller:controller|ROM_PC_IR:instruction"  ;
+--------+---------+------------------+--------------------------------------------------------+
; Port   ; Type    ; Severity         ; Details                                                ;
+--------+---------+------------------+--------------------------------------------------------+
; PC_OUT ; Unknown ; Critical Warning ; Named port was not declared by the instantiated entity ;
+--------+---------+------------------+--------------------------------------------------------+


+---------------------------------------------------------------------------------------------------------------------------------------+
; Port Connectivity Checks: "Processor:processor|Controller:controller"                                                                 ;
+--------+--------+----------+----------------------------------------------------------------------------------------------------------+
; Port   ; Type   ; Severity ; Details                                                                                                  ;
+--------+--------+----------+----------------------------------------------------------------------------------------------------------+
; PC_OUT ; Output ; Warning  ; Declared by entity but not connected by instance. Logic that only feeds a dangling port will be removed. ;
+--------+--------+----------+----------------------------------------------------------------------------------------------------------+


+-----------------------------------------------------------------------------------------------------------------------------------------------------------------------------------------------------+
; Port Connectivity Checks: "Processor:processor"                                                                                                                                                     ;
+---------+--------+----------+-----------------------------------------------------------------------------------------------------------------------------------------------------------------------+
; Port    ; Type   ; Severity ; Details                                                                                                                                                               ;
+---------+--------+----------+-----------------------------------------------------------------------------------------------------------------------------------------------------------------------+
; PC_Out  ; Output ; Warning  ; Output or bidir port (7 bits) is smaller than the port expression (8 bits) it drives.  The 1 most-significant bit(s) in the port expression will be connected to GND. ;
; ALU_Out ; Output ; Info     ; Connected to dangling logic. Logic that only feeds a dangling port will be removed.                                                                                   ;
+---------+--------+----------+-----------------------------------------------------------------------------------------------------------------------------------------------------------------------+


+-------------------------------------------------------+
; Port Connectivity Checks: "ButtonSynchronizer:synch2" ;
+----------+--------+----------+------------------------+
; Port     ; Type   ; Severity ; Details                ;
+----------+--------+----------+------------------------+
; StateOut ; Output ; Info     ; Explicitly unconnected ;
+----------+--------+----------+------------------------+


+-------------------------------------------------------+
; Port Connectivity Checks: "ButtonSynchronizer:synch1" ;
+----------+--------+----------+------------------------+
; Port     ; Type   ; Severity ; Details                ;
+----------+--------+----------+------------------------+
; StateOut ; Output ; Info     ; Explicitly unconnected ;
+----------+--------+----------+------------------------+


+-------------------------------+
; Analysis & Synthesis Messages ;
+-------------------------------+
Info: *******************************************************************
Info: Running Quartus Prime Analysis & Synthesis
    Info: Version 25.1std.0 Build 1129 10/21/2025 SC Lite Edition
    Info: Processing started: Sat Jun  6 16:15:45 2026
Info: Command: quartus_map --read_settings_files=on --write_settings_files=off Project -c Project
Warning (18236): Number of processors has not been specified which may cause overloading on shared machines.  Set the global assignment NUM_PARALLEL_PROCESSORS in your QSF to an appropriate value for best performance.
Info (20030): Parallel compilation is enabled and will use 16 of the 24 processors detected
Info (12021): Found 2 design units, including 2 entities, in source file rom_pc_ir.sv
    Info (12023): Found entity 1: ROM_PC_IR File: C:/Users/lando/OneDrive/Documents/GitHub/TCES_330_16_bit_processor/Processor/ROM_PC_IR.sv Line: 17
    Info (12023): Found entity 2: ROM_PC_IR_tb File: C:/Users/lando/OneDrive/Documents/GitHub/TCES_330_16_bit_processor/Processor/ROM_PC_IR.sv Line: 38
Info (12021): Found 2 design units, including 2 entities, in source file pc.sv
    Info (12023): Found entity 1: PC File: C:/Users/lando/OneDrive/Documents/GitHub/TCES_330_16_bit_processor/Processor/PC.sv Line: 16
    Info (12023): Found entity 2: PC_tb File: C:/Users/lando/OneDrive/Documents/GitHub/TCES_330_16_bit_processor/Processor/PC.sv Line: 39
Info (12021): Found 1 design units, including 1 entities, in source file muxnw_8to1.sv
    Info (12023): Found entity 1: MuxnW_8to1 File: C:/Users/lando/OneDrive/Documents/GitHub/TCES_330_16_bit_processor/Processor/MuxnW_8to1.sv Line: 7
Info (12021): Found 2 design units, including 2 entities, in source file ir.sv
    Info (12023): Found entity 1: IR File: C:/Users/lando/OneDrive/Documents/GitHub/TCES_330_16_bit_processor/Processor/IR.sv Line: 17
    Info (12023): Found entity 2: IR_tb File: C:/Users/lando/OneDrive/Documents/GitHub/TCES_330_16_bit_processor/Processor/IR.sv Line: 36
Info (12021): Found 2 design units, including 2 entities, in source file decoder.sv
    Info (12023): Found entity 1: Decoder File: C:/Users/lando/OneDrive/Documents/GitHub/TCES_330_16_bit_processor/Processor/Decoder.sv Line: 6
    Info (12023): Found entity 2: Decoder_tb File: C:/Users/lando/OneDrive/Documents/GitHub/TCES_330_16_bit_processor/Processor/Decoder.sv Line: 33
Info (12021): Found 1 design units, including 1 entities, in source file controller.sv
    Info (12023): Found entity 1: Controller File: C:/Users/lando/OneDrive/Documents/GitHub/TCES_330_16_bit_processor/Processor/Controller.sv Line: 22
Info (12021): Found 2 design units, including 2 entities, in source file fsm.sv
    Info (12023): Found entity 1: FSM File: C:/Users/lando/OneDrive/Documents/GitHub/TCES_330_16_bit_processor/Processor/FSM.sv Line: 43
    Info (12023): Found entity 2: FSM_tb File: C:/Users/lando/OneDrive/Documents/GitHub/TCES_330_16_bit_processor/Processor/FSM.sv Line: 190
Info (12021): Found 1 design units, including 1 entities, in source file instmemory.v
    Info (12023): Found entity 1: InstMemory File: C:/Users/lando/OneDrive/Documents/GitHub/TCES_330_16_bit_processor/Processor/InstMemory.v Line: 40
Info (12021): Found 1 design units, including 1 entities, in source file keyfilter.sv
    Info (12023): Found entity 1: KeyFilter File: C:/Users/lando/OneDrive/Documents/GitHub/TCES_330_16_bit_processor/Processor/KeyFilter.sv Line: 6
Info (12021): Found 2 design units, including 2 entities, in source file buttonsynchronizer.sv
    Info (12023): Found entity 1: ButtonSynchronizer File: C:/Users/lando/OneDrive/Documents/GitHub/TCES_330_16_bit_processor/Processor/ButtonSynchronizer.sv Line: 12
    Info (12023): Found entity 2: ButtonSynchronizer_tb File: C:/Users/lando/OneDrive/Documents/GitHub/TCES_330_16_bit_processor/Processor/ButtonSynchronizer.sv Line: 56
Info (12021): Found 1 design units, including 1 entities, in source file project.sv
    Info (12023): Found entity 1: Project File: C:/Users/lando/OneDrive/Documents/GitHub/TCES_330_16_bit_processor/Processor/Project.sv Line: 25
Info (12021): Found 1 design units, including 1 entities, in source file testprocessor.sv
    Info (12023): Found entity 1: testProcessor File: C:/Users/lando/OneDrive/Documents/GitHub/TCES_330_16_bit_processor/Processor/testProcessor.sv Line: 5
Info (12021): Found 2 design units, including 2 entities, in source file regfile16x16.sv
    Info (12023): Found entity 1: regfile16x16 File: C:/Users/lando/OneDrive/Documents/GitHub/TCES_330_16_bit_processor/Processor/regfile16x16.sv Line: 23
    Info (12023): Found entity 2: regfile16x16_tb File: C:/Users/lando/OneDrive/Documents/GitHub/TCES_330_16_bit_processor/Processor/regfile16x16.sv Line: 65
Info (12021): Found 1 design units, including 1 entities, in source file processor.sv
    Info (12023): Found entity 1: Processor File: C:/Users/lando/OneDrive/Documents/GitHub/TCES_330_16_bit_processor/Processor/Processor.sv Line: 38
Warning (12090): Entity "Mux" obtained from "Mux.sv" instead of from Quartus Prime megafunction library File: C:/Users/lando/OneDrive/Documents/GitHub/TCES_330_16_bit_processor/Processor/Mux.sv Line: 16
Info (12021): Found 2 design units, including 2 entities, in source file mux.sv
    Info (12023): Found entity 1: Mux File: C:/Users/lando/OneDrive/Documents/GitHub/TCES_330_16_bit_processor/Processor/Mux.sv Line: 16
    Info (12023): Found entity 2: Mux_tb File: C:/Users/lando/OneDrive/Documents/GitHub/TCES_330_16_bit_processor/Processor/Mux.sv Line: 39
Info (12021): Found 2 design units, including 2 entities, in source file datapath.sv
    Info (12023): Found entity 1: Datapath File: C:/Users/lando/OneDrive/Documents/GitHub/TCES_330_16_bit_processor/Processor/Datapath.sv Line: 25
    Info (12023): Found entity 2: Datapath_tb File: C:/Users/lando/OneDrive/Documents/GitHub/TCES_330_16_bit_processor/Processor/Datapath.sv Line: 96
Info (12021): Found 2 design units, including 2 entities, in source file alu.sv
    Info (12023): Found entity 1: ALU File: C:/Users/lando/OneDrive/Documents/GitHub/TCES_330_16_bit_processor/Processor/ALU.sv Line: 9
    Info (12023): Found entity 2: ALU_tb File: C:/Users/lando/OneDrive/Documents/GitHub/TCES_330_16_bit_processor/Processor/ALU.sv Line: 31
Info (12021): Found 1 design units, including 1 entities, in source file datamemory.v
    Info (12023): Found entity 1: DataMemory File: C:/Users/lando/OneDrive/Documents/GitHub/TCES_330_16_bit_processor/Processor/DataMemory.v Line: 40
Info (12127): Elaborating entity "Project" for the top level hierarchy
Info (12128): Elaborating entity "ButtonSynchronizer" for hierarchy "ButtonSynchronizer:synch1" File: C:/Users/lando/OneDrive/Documents/GitHub/TCES_330_16_bit_processor/Processor/Project.sv Line: 52
Info (12128): Elaborating entity "KeyFilter" for hierarchy "KeyFilter:filter1" File: C:/Users/lando/OneDrive/Documents/GitHub/TCES_330_16_bit_processor/Processor/Project.sv Line: 53
Info (12128): Elaborating entity "Processor" for hierarchy "Processor:processor" File: C:/Users/lando/OneDrive/Documents/GitHub/TCES_330_16_bit_processor/Processor/Project.sv Line: 68
Warning (10034): Output port "PC_Out" at Processor.sv(52) has no driver File: C:/Users/lando/OneDrive/Documents/GitHub/TCES_330_16_bit_processor/Processor/Processor.sv Line: 52
Info (12128): Elaborating entity "Controller" for hierarchy "Processor:processor|Controller:controller" File: C:/Users/lando/OneDrive/Documents/GitHub/TCES_330_16_bit_processor/Processor/Processor.sv Line: 80
Info (12128): Elaborating entity "ROM_PC_IR" for hierarchy "Processor:processor|Controller:controller|ROM_PC_IR:instruction" File: C:/Users/lando/OneDrive/Documents/GitHub/TCES_330_16_bit_processor/Processor/Controller.sv Line: 57
Info (12128): Elaborating entity "PC" for hierarchy "Processor:processor|Controller:controller|ROM_PC_IR:instruction|PC:programCounter" File: C:/Users/lando/OneDrive/Documents/GitHub/TCES_330_16_bit_processor/Processor/ROM_PC_IR.sv Line: 24
Info (12128): Elaborating entity "InstMemory" for hierarchy "Processor:processor|Controller:controller|ROM_PC_IR:instruction|InstMemory:ROM" File: C:/Users/lando/OneDrive/Documents/GitHub/TCES_330_16_bit_processor/Processor/ROM_PC_IR.sv Line: 27
Info (12128): Elaborating entity "altsyncram" for hierarchy "Processor:processor|Controller:controller|ROM_PC_IR:instruction|InstMemory:ROM|altsyncram:altsyncram_component" File: C:/Users/lando/OneDrive/Documents/GitHub/TCES_330_16_bit_processor/Processor/InstMemory.v Line: 82
Info (12130): Elaborated megafunction instantiation "Processor:processor|Controller:controller|ROM_PC_IR:instruction|InstMemory:ROM|altsyncram:altsyncram_component" File: C:/Users/lando/OneDrive/Documents/GitHub/TCES_330_16_bit_processor/Processor/InstMemory.v Line: 82
Info (12133): Instantiated megafunction "Processor:processor|Controller:controller|ROM_PC_IR:instruction|InstMemory:ROM|altsyncram:altsyncram_component" with the following parameter: File: C:/Users/lando/OneDrive/Documents/GitHub/TCES_330_16_bit_processor/Processor/InstMemory.v Line: 82
    Info (12134): Parameter "address_aclr_a" = "NONE"
    Info (12134): Parameter "clock_enable_input_a" = "BYPASS"
    Info (12134): Parameter "clock_enable_output_a" = "BYPASS"
    Info (12134): Parameter "init_file" = "ROM_test.mif"
    Info (12134): Parameter "intended_device_family" = "Cyclone IV E"
    Info (12134): Parameter "lpm_hint" = "ENABLE_RUNTIME_MOD=YES,INSTANCE_NAME=uROM"
    Info (12134): Parameter "lpm_type" = "altsyncram"
    Info (12134): Parameter "numwords_a" = "128"
    Info (12134): Parameter "operation_mode" = "ROM"
    Info (12134): Parameter "outdata_aclr_a" = "NONE"
    Info (12134): Parameter "outdata_reg_a" = "UNREGISTERED"
    Info (12134): Parameter "widthad_a" = "7"
    Info (12134): Parameter "width_a" = "16"
    Info (12134): Parameter "width_byteena_a" = "1"
Info (12021): Found 1 design units, including 1 entities, in source file db/altsyncram_r8c1.tdf
    Info (12023): Found entity 1: altsyncram_r8c1 File: C:/Users/lando/OneDrive/Documents/GitHub/TCES_330_16_bit_processor/Processor/db/altsyncram_r8c1.tdf Line: 28
Info (12128): Elaborating entity "altsyncram_r8c1" for hierarchy "Processor:processor|Controller:controller|ROM_PC_IR:instruction|InstMemory:ROM|altsyncram:altsyncram_component|altsyncram_r8c1:auto_generated" File: c:/altera_lite/25.1std/quartus/libraries/megafunctions/altsyncram.tdf Line: 792
Info (12021): Found 1 design units, including 1 entities, in source file db/altsyncram_gmd2.tdf
    Info (12023): Found entity 1: altsyncram_gmd2 File: C:/Users/lando/OneDrive/Documents/GitHub/TCES_330_16_bit_processor/Processor/db/altsyncram_gmd2.tdf Line: 28
Info (12128): Elaborating entity "altsyncram_gmd2" for hierarchy "Processor:processor|Controller:controller|ROM_PC_IR:instruction|InstMemory:ROM|altsyncram:altsyncram_component|altsyncram_r8c1:auto_generated|altsyncram_gmd2:altsyncram1" File: C:/Users/lando/OneDrive/Documents/GitHub/TCES_330_16_bit_processor/Processor/db/altsyncram_r8c1.tdf Line: 35
Info (12128): Elaborating entity "sld_mod_ram_rom" for hierarchy "Processor:processor|Controller:controller|ROM_PC_IR:instruction|InstMemory:ROM|altsyncram:altsyncram_component|altsyncram_r8c1:auto_generated|sld_mod_ram_rom:mgl_prim2" File: C:/Users/lando/OneDrive/Documents/GitHub/TCES_330_16_bit_processor/Processor/db/altsyncram_r8c1.tdf Line: 36
Info (12130): Elaborated megafunction instantiation "Processor:processor|Controller:controller|ROM_PC_IR:instruction|InstMemory:ROM|altsyncram:altsyncram_component|altsyncram_r8c1:auto_generated|sld_mod_ram_rom:mgl_prim2" File: C:/Users/lando/OneDrive/Documents/GitHub/TCES_330_16_bit_processor/Processor/db/altsyncram_r8c1.tdf Line: 36
Info (12133): Instantiated megafunction "Processor:processor|Controller:controller|ROM_PC_IR:instruction|InstMemory:ROM|altsyncram:altsyncram_component|altsyncram_r8c1:auto_generated|sld_mod_ram_rom:mgl_prim2" with the following parameter: File: C:/Users/lando/OneDrive/Documents/GitHub/TCES_330_16_bit_processor/Processor/db/altsyncram_r8c1.tdf Line: 36
    Info (12134): Parameter "CVALUE" = "0000000000000000"
    Info (12134): Parameter "IS_DATA_IN_RAM" = "1"
    Info (12134): Parameter "IS_READABLE" = "1"
    Info (12134): Parameter "NODE_NAME" = "1968328525"
    Info (12134): Parameter "NUMWORDS" = "128"
    Info (12134): Parameter "SHIFT_COUNT_BITS" = "5"
    Info (12134): Parameter "WIDTH_WORD" = "16"
    Info (12134): Parameter "WIDTHAD" = "7"
Info (12128): Elaborating entity "sld_jtag_endpoint_adapter" for hierarchy "Processor:processor|Controller:controller|ROM_PC_IR:instruction|InstMemory:ROM|altsyncram:altsyncram_component|altsyncram_r8c1:auto_generated|sld_mod_ram_rom:mgl_prim2|sld_jtag_endpoint_adapter:jtag_signal_adapter" File: c:/altera_lite/25.1std/quartus/libraries/megafunctions/sld_mod_ram_rom.vhd Line: 302
Info (12128): Elaborating entity "sld_jtag_endpoint_adapter_impl" for hierarchy "Processor:processor|Controller:controller|ROM_PC_IR:instruction|InstMemory:ROM|altsyncram:altsyncram_component|altsyncram_r8c1:auto_generated|sld_mod_ram_rom:mgl_prim2|sld_jtag_endpoint_adapter:jtag_signal_adapter|sld_jtag_endpoint_adapter_impl:sld_jtag_endpoint_adapter_impl_inst" File: c:/altera_lite/25.1std/quartus/libraries/megafunctions/sld_jtag_endpoint_adapter.vhd Line: 232
Info (12128): Elaborating entity "sld_rom_sr" for hierarchy "Processor:processor|Controller:controller|ROM_PC_IR:instruction|InstMemory:ROM|altsyncram:altsyncram_component|altsyncram_r8c1:auto_generated|sld_mod_ram_rom:mgl_prim2|sld_rom_sr:\ram_rom_logic_gen:name_gen:info_rom_sr" File: c:/altera_lite/25.1std/quartus/libraries/megafunctions/sld_mod_ram_rom.vhd Line: 828
Info (12128): Elaborating entity "IR" for hierarchy "Processor:processor|Controller:controller|ROM_PC_IR:instruction|IR:instructionRegister" File: C:/Users/lando/OneDrive/Documents/GitHub/TCES_330_16_bit_processor/Processor/ROM_PC_IR.sv Line: 30
Info (12128): Elaborating entity "FSM" for hierarchy "Processor:processor|Controller:controller|FSM:control" File: C:/Users/lando/OneDrive/Documents/GitHub/TCES_330_16_bit_processor/Processor/Controller.sv Line: 77
Info (10264): Verilog HDL Case Statement information at FSM.sv(96): all case item expressions in this case statement are onehot File: C:/Users/lando/OneDrive/Documents/GitHub/TCES_330_16_bit_processor/Processor/FSM.sv Line: 96
Info (12128): Elaborating entity "Datapath" for hierarchy "Processor:processor|Datapath:datapath" File: C:/Users/lando/OneDrive/Documents/GitHub/TCES_330_16_bit_processor/Processor/Processor.sv Line: 95
Info (12128): Elaborating entity "DataMemory" for hierarchy "Processor:processor|Datapath:datapath|DataMemory:RAM" File: C:/Users/lando/OneDrive/Documents/GitHub/TCES_330_16_bit_processor/Processor/Datapath.sv Line: 68
Info (12128): Elaborating entity "altsyncram" for hierarchy "Processor:processor|Datapath:datapath|DataMemory:RAM|altsyncram:altsyncram_component" File: C:/Users/lando/OneDrive/Documents/GitHub/TCES_330_16_bit_processor/Processor/DataMemory.v Line: 86
Info (12130): Elaborated megafunction instantiation "Processor:processor|Datapath:datapath|DataMemory:RAM|altsyncram:altsyncram_component" File: C:/Users/lando/OneDrive/Documents/GitHub/TCES_330_16_bit_processor/Processor/DataMemory.v Line: 86
Info (12133): Instantiated megafunction "Processor:processor|Datapath:datapath|DataMemory:RAM|altsyncram:altsyncram_component" with the following parameter: File: C:/Users/lando/OneDrive/Documents/GitHub/TCES_330_16_bit_processor/Processor/DataMemory.v Line: 86
    Info (12134): Parameter "clock_enable_input_a" = "BYPASS"
    Info (12134): Parameter "clock_enable_output_a" = "BYPASS"
    Info (12134): Parameter "init_file" = "RAM_test.mif"
    Info (12134): Parameter "intended_device_family" = "Cyclone IV E"
    Info (12134): Parameter "lpm_hint" = "ENABLE_RUNTIME_MOD=YES,INSTANCE_NAME=uRAM"
    Info (12134): Parameter "lpm_type" = "altsyncram"
    Info (12134): Parameter "numwords_a" = "256"
    Info (12134): Parameter "operation_mode" = "SINGLE_PORT"
    Info (12134): Parameter "outdata_aclr_a" = "NONE"
    Info (12134): Parameter "outdata_reg_a" = "UNREGISTERED"
    Info (12134): Parameter "power_up_uninitialized" = "FALSE"
    Info (12134): Parameter "read_during_write_mode_port_a" = "DONT_CARE"
    Info (12134): Parameter "widthad_a" = "8"
    Info (12134): Parameter "width_a" = "16"
    Info (12134): Parameter "width_byteena_a" = "1"
Info (12021): Found 1 design units, including 1 entities, in source file db/altsyncram_jdj1.tdf
    Info (12023): Found entity 1: altsyncram_jdj1 File: C:/Users/lando/OneDrive/Documents/GitHub/TCES_330_16_bit_processor/Processor/db/altsyncram_jdj1.tdf Line: 28
Info (12128): Elaborating entity "altsyncram_jdj1" for hierarchy "Processor:processor|Datapath:datapath|DataMemory:RAM|altsyncram:altsyncram_component|altsyncram_jdj1:auto_generated" File: c:/altera_lite/25.1std/quartus/libraries/megafunctions/altsyncram.tdf Line: 792
Info (12021): Found 1 design units, including 1 entities, in source file db/altsyncram_ana2.tdf
    Info (12023): Found entity 1: altsyncram_ana2 File: C:/Users/lando/OneDrive/Documents/GitHub/TCES_330_16_bit_processor/Processor/db/altsyncram_ana2.tdf Line: 28
Info (12128): Elaborating entity "altsyncram_ana2" for hierarchy "Processor:processor|Datapath:datapath|DataMemory:RAM|altsyncram:altsyncram_component|altsyncram_jdj1:auto_generated|altsyncram_ana2:altsyncram1" File: C:/Users/lando/OneDrive/Documents/GitHub/TCES_330_16_bit_processor/Processor/db/altsyncram_jdj1.tdf Line: 37
Info (12128): Elaborating entity "sld_mod_ram_rom" for hierarchy "Processor:processor|Datapath:datapath|DataMemory:RAM|altsyncram:altsyncram_component|altsyncram_jdj1:auto_generated|sld_mod_ram_rom:mgl_prim2" File: C:/Users/lando/OneDrive/Documents/GitHub/TCES_330_16_bit_processor/Processor/db/altsyncram_jdj1.tdf Line: 38
Info (12130): Elaborated megafunction instantiation "Processor:processor|Datapath:datapath|DataMemory:RAM|altsyncram:altsyncram_component|altsyncram_jdj1:auto_generated|sld_mod_ram_rom:mgl_prim2" File: C:/Users/lando/OneDrive/Documents/GitHub/TCES_330_16_bit_processor/Processor/db/altsyncram_jdj1.tdf Line: 38
Info (12133): Instantiated megafunction "Processor:processor|Datapath:datapath|DataMemory:RAM|altsyncram:altsyncram_component|altsyncram_jdj1:auto_generated|sld_mod_ram_rom:mgl_prim2" with the following parameter: File: C:/Users/lando/OneDrive/Documents/GitHub/TCES_330_16_bit_processor/Processor/db/altsyncram_jdj1.tdf Line: 38
    Info (12134): Parameter "CVALUE" = "0000000000000000"
    Info (12134): Parameter "IS_DATA_IN_RAM" = "1"
    Info (12134): Parameter "IS_READABLE" = "1"
    Info (12134): Parameter "NODE_NAME" = "1968324941"
    Info (12134): Parameter "NUMWORDS" = "256"
    Info (12134): Parameter "SHIFT_COUNT_BITS" = "5"
    Info (12134): Parameter "WIDTH_WORD" = "16"
    Info (12134): Parameter "WIDTHAD" = "8"
Info (12128): Elaborating entity "Mux" for hierarchy "Processor:processor|Datapath:datapath|Mux:Mux" File: C:/Users/lando/OneDrive/Documents/GitHub/TCES_330_16_bit_processor/Processor/Datapath.sv Line: 75
Info (12128): Elaborating entity "ALU" for hierarchy "Processor:processor|Datapath:datapath|ALU:ALU" File: C:/Users/lando/OneDrive/Documents/GitHub/TCES_330_16_bit_processor/Processor/Datapath.sv Line: 82
Info (12128): Elaborating entity "regfile16x16" for hierarchy "Processor:processor|Datapath:datapath|regfile16x16:RegFile" File: C:/Users/lando/OneDrive/Documents/GitHub/TCES_330_16_bit_processor/Processor/Datapath.sv Line: 93
Info (12128): Elaborating entity "Decoder" for hierarchy "Decoder:decoder7" File: C:/Users/lando/OneDrive/Documents/GitHub/TCES_330_16_bit_processor/Processor/Project.sv Line: 71
Info (12128): Elaborating entity "MuxnW_8to1" for hierarchy "MuxnW_8to1:HEX7Mux" File: C:/Users/lando/OneDrive/Documents/GitHub/TCES_330_16_bit_processor/Processor/Project.sv Line: 82
Error (12002): Port "PC_OUT" does not exist in macrofunction "instruction" File: C:/Users/lando/OneDrive/Documents/GitHub/TCES_330_16_bit_processor/Processor/Controller.sv Line: 57
Warning (12241): 3 hierarchies have connectivity warnings - see the Connectivity Checks report folder
Error: Quartus Prime Analysis & Synthesis was unsuccessful. 1 error, 4 warnings
    Error: Peak virtual memory: 4841 megabytes
    Error: Processing ended: Sat Jun  6 16:15:57 2026
    Error: Elapsed time: 00:00:12
    Error: Total CPU time (on all processors): 00:00:28


