------------------------------------------------------------
Timing Analyzer Summary
------------------------------------------------------------

Type  : Slow 1200mV 85C Model Setup 'MHz50Clock'
Slack : 13.925
TNS   : 0.000

Type  : Slow 1200mV 85C Model Setup 'processorClock'
Slack : 14.954
TNS   : 0.000

Type  : Slow 1200mV 85C Model Setup 'altera_reserved_tck'
Slack : 42.981
TNS   : 0.000

Type  : Slow 1200mV 85C Model Hold 'processorClock'
Slack : 0.339
TNS   : 0.000

Type  : Slow 1200mV 85C Model Hold 'altera_reserved_tck'
Slack : 0.401
TNS   : 0.000

Type  : Slow 1200mV 85C Model Hold 'MHz50Clock'
Slack : 0.402
TNS   : 0.000

Type  : Slow 1200mV 85C Model Recovery 'altera_reserved_tck'
Slack : 96.046
TNS   : 0.000

Type  : Slow 1200mV 85C Model Removal 'altera_reserved_tck'
Slack : 1.212
TNS   : 0.000

Type  : Slow 1200mV 85C Model Minimum Pulse Width 'MHz50Clock'
Slack : 9.681
TNS   : 0.000

Type  : Slow 1200mV 85C Model Minimum Pulse Width 'altera_reserved_tck'
Slack : 49.578
TNS   : 0.000

Type  : Slow 1200mV 85C Model Minimum Pulse Width 'processorClock'
Slack : 249.696
TNS   : 0.000

Type  : Slow 1200mV 0C Model Setup 'MHz50Clock'
Slack : 14.376
TNS   : 0.000

Type  : Slow 1200mV 0C Model Setup 'processorClock'
Slack : 15.281
TNS   : 0.000

Type  : Slow 1200mV 0C Model Setup 'altera_reserved_tck'
Slack : 43.570
TNS   : 0.000

Type  : Slow 1200mV 0C Model Hold 'processorClock'
Slack : 0.347
TNS   : 0.000

Type  : Slow 1200mV 0C Model Hold 'altera_reserved_tck'
Slack : 0.353
TNS   : 0.000

Type  : Slow 1200mV 0C Model Hold 'MHz50Clock'
Slack : 0.354
TNS   : 0.000

Type  : Slow 1200mV 0C Model Recovery 'altera_reserved_tck'
Slack : 96.351
TNS   : 0.000

Type  : Slow 1200mV 0C Model Removal 'altera_reserved_tck'
Slack : 1.109
TNS   : 0.000

Type  : Slow 1200mV 0C Model Minimum Pulse Width 'MHz50Clock'
Slack : 9.690
TNS   : 0.000

Type  : Slow 1200mV 0C Model Minimum Pulse Width 'altera_reserved_tck'
Slack : 49.503
TNS   : 0.000

Type  : Slow 1200mV 0C Model Minimum Pulse Width 'processorClock'
Slack : 249.718
TNS   : 0.000

Type  : Fast 1200mV 0C Model Setup 'MHz50Clock'
Slack : 16.541
TNS   : 0.000

Type  : Fast 1200mV 0C Model Setup 'processorClock'
Slack : 16.983
TNS   : 0.000

Type  : Fast 1200mV 0C Model Setup 'altera_reserved_tck'
Slack : 46.088
TNS   : 0.000

Type  : Fast 1200mV 0C Model Hold 'processorClock'
Slack : 0.140
TNS   : 0.000

Type  : Fast 1200mV 0C Model Hold 'altera_reserved_tck'
Slack : 0.180
TNS   : 0.000

Type  : Fast 1200mV 0C Model Hold 'MHz50Clock'
Slack : 0.182
TNS   : 0.000

Type  : Fast 1200mV 0C Model Recovery 'altera_reserved_tck'
Slack : 97.496
TNS   : 0.000

Type  : Fast 1200mV 0C Model Removal 'altera_reserved_tck'
Slack : 0.578
TNS   : 0.000

Type  : Fast 1200mV 0C Model Minimum Pulse Width 'MHz50Clock'
Slack : 9.266
TNS   : 0.000

Type  : Fast 1200mV 0C Model Minimum Pulse Width 'altera_reserved_tck'
Slack : 49.458
TNS   : 0.000

Type  : Fast 1200mV 0C Model Minimum Pulse Width 'processorClock'
Slack : 249.703
TNS   : 0.000

------------------------------------------------------------
