------------------------------------------------------------
Timing Analyzer Summary
------------------------------------------------------------

Type  : Slow 1200mV 85C Model Setup 'MHz50Clock'
Slack : 14.338
TNS   : 0.000

Type  : Slow 1200mV 85C Model Setup 'altera_reserved_tck'
Slack : 43.635
TNS   : 0.000

Type  : Slow 1200mV 85C Model Setup 'processorClock'
Slack : 231.201
TNS   : 0.000

Type  : Slow 1200mV 85C Model Hold 'MHz50Clock'
Slack : 0.402
TNS   : 0.000

Type  : Slow 1200mV 85C Model Hold 'altera_reserved_tck'
Slack : 0.402
TNS   : 0.000

Type  : Slow 1200mV 85C Model Hold 'processorClock'
Slack : 0.846
TNS   : 0.000

Type  : Slow 1200mV 85C Model Recovery 'altera_reserved_tck'
Slack : 96.312
TNS   : 0.000

Type  : Slow 1200mV 85C Model Removal 'altera_reserved_tck'
Slack : 1.057
TNS   : 0.000

Type  : Slow 1200mV 85C Model Minimum Pulse Width 'MHz50Clock'
Slack : 9.683
TNS   : 0.000

Type  : Slow 1200mV 85C Model Minimum Pulse Width 'altera_reserved_tck'
Slack : 49.576
TNS   : 0.000

Type  : Slow 1200mV 85C Model Minimum Pulse Width 'processorClock'
Slack : 249.697
TNS   : 0.000

Type  : Slow 1200mV 0C Model Setup 'MHz50Clock'
Slack : 14.734
TNS   : 0.000

Type  : Slow 1200mV 0C Model Setup 'altera_reserved_tck'
Slack : 44.053
TNS   : 0.000

Type  : Slow 1200mV 0C Model Setup 'processorClock'
Slack : 232.473
TNS   : 0.000

Type  : Slow 1200mV 0C Model Hold 'MHz50Clock'
Slack : 0.354
TNS   : 0.000

Type  : Slow 1200mV 0C Model Hold 'altera_reserved_tck'
Slack : 0.354
TNS   : 0.000

Type  : Slow 1200mV 0C Model Hold 'processorClock'
Slack : 0.762
TNS   : 0.000

Type  : Slow 1200mV 0C Model Recovery 'altera_reserved_tck'
Slack : 96.582
TNS   : 0.000

Type  : Slow 1200mV 0C Model Removal 'altera_reserved_tck'
Slack : 0.963
TNS   : 0.000

Type  : Slow 1200mV 0C Model Minimum Pulse Width 'MHz50Clock'
Slack : 9.690
TNS   : 0.000

Type  : Slow 1200mV 0C Model Minimum Pulse Width 'altera_reserved_tck'
Slack : 49.503
TNS   : 0.000

Type  : Slow 1200mV 0C Model Minimum Pulse Width 'processorClock'
Slack : 249.718
TNS   : 0.000

Type  : Fast 1200mV 0C Model Setup 'MHz50Clock'
Slack : 16.734
TNS   : 0.000

Type  : Fast 1200mV 0C Model Setup 'altera_reserved_tck'
Slack : 46.471
TNS   : 0.000

Type  : Fast 1200mV 0C Model Setup 'processorClock'
Slack : 239.968
TNS   : 0.000

Type  : Fast 1200mV 0C Model Hold 'altera_reserved_tck'
Slack : 0.179
TNS   : 0.000

Type  : Fast 1200mV 0C Model Hold 'MHz50Clock'
Slack : 0.181
TNS   : 0.000

Type  : Fast 1200mV 0C Model Hold 'processorClock'
Slack : 0.394
TNS   : 0.000

Type  : Fast 1200mV 0C Model Recovery 'altera_reserved_tck'
Slack : 97.646
TNS   : 0.000

Type  : Fast 1200mV 0C Model Removal 'altera_reserved_tck'
Slack : 0.500
TNS   : 0.000

Type  : Fast 1200mV 0C Model Minimum Pulse Width 'MHz50Clock'
Slack : 9.266
TNS   : 0.000

Type  : Fast 1200mV 0C Model Minimum Pulse Width 'altera_reserved_tck'
Slack : 49.458
TNS   : 0.000

Type  : Fast 1200mV 0C Model Minimum Pulse Width 'processorClock'
Slack : 249.704
TNS   : 0.000

------------------------------------------------------------
